WARNING 2026-02-10 14:42:34 figs/eval.py:65 No job name provided, using 'libero_pi0' as job name.
INFO 2026-02-10 14:42:34 bot_eval.py:507 {'env': {'camera_name': 'agentview_image,robot0_eye_in_hand_image',
         'camera_name_mapping': None,
         'control_mode': 'relative',
         'disable_env_checker': True,
         'episode_length': None,
         'features': {'action': {'shape': (7,),
                                 'type': <FeatureType.ACTION: 'ACTION'>},
                      'pixels/agentview_image': {'shape': (360, 360, 3),
                                                 'type': <FeatureType.VISUAL: 'VISUAL'>},
                      'pixels/robot0_eye_in_hand_image': {'shape': (360,
                                                                    360,
                                                                    3),
                                                          'type': <FeatureType.VISUAL: 'VISUAL'>},
                      'robot_state/eef/mat': {'shape': (3, 3),
                                              'type': <FeatureType.STATE: 'STATE'>},
                      'robot_state/eef/pos': {'shape': (3,),
                                              'type': <FeatureType.STATE: 'STATE'>},
                      'robot_state/eef/quat': {'shape': (4,),
                                               'type': <FeatureType.STATE: 'STATE'>},
                      'robot_state/gripper/qpos': {'shape': (2,),
                                                   'type': <FeatureType.STATE: 'STATE'>},
                      'robot_state/gripper/qvel': {'shape': (2,),
                                                   'type': <FeatureType.STATE: 'STATE'>},
                      'robot_state/joints/pos': {'shape': (7,),
                                                 'type': <FeatureType.STATE: 'STATE'>},
                      'robot_state/joints/vel': {'shape': (7,),
                                                 'type': <FeatureType.STATE: 'STATE'>}},
         'features_map': {'action': 'action',
                          'pixels/agentview_image': 'observation.images.image',
                          'pixels/robot0_eye_in_hand_image': 'observation.images.image2',
                          'robot_state/eef/mat': 'observation.state.eef_mat',
                          'robot_state/eef/pos': 'observation.state.eef_pos',
                          'robot_state/eef/quat': 'observation.state.eef_quat',
                          'robot_state/gripper/qpos': 'observation.state.gripper_qpos',
                          'robot_state/gripper/qvel': 'observation.state.gripper_qvel',
                          'robot_state/joints/pos': 'observation.state.joint_pos',
                          'robot_state/joints/vel': 'observation.state.joint_vel'},
         'fps': 30,
         'init_states': True,
         'max_parallel_tasks': 1,
         'obs_type': 'pixels_agent_pos',
         'observation_height': 360,
         'observation_width': 360,
         'render_mode': 'rgb_array',
         'task': 'libero_object',
         'task_ids': None},
 'eval': {'batch_size': 1, 'n_episodes': 2, 'use_async_envs': False},
 'job_name': 'libero_pi0',
 'output_dir': PosixPath('outputs/eval/2026-02-10/14-42-34_libero_pi0'),
 'policy': {'action_expert_variant': 'gemma_300m',
            'chunk_size': 50,
            'compile_mode': 'max-autotune',
            'compile_model': True,
            'device': 'cuda',
            'dtype': 'bfloat16',
            'empty_cameras': 1,
            'freeze_vision_encoder': False,
            'gradient_checkpointing': True,
            'image_resolution': (224, 224),
            'input_features': {'observation.images.empty_camera_0': {'shape': (3,
                                                                               224,
                                                                               224),
                                                                     'type': <FeatureType.VISUAL: 'VISUAL'>},
                               'observation.images.image': {'shape': (3,
                                                                      256,
                                                                      256),
                                                            'type': <FeatureType.VISUAL: 'VISUAL'>},
                               'observation.images.image2': {'shape': (3,
                                                                       256,
                                                                       256),
                                                             'type': <FeatureType.VISUAL: 'VISUAL'>},
                               'observation.state': {'shape': (8,),
                                                     'type': <FeatureType.STATE: 'STATE'>}},
            'license': None,
            'max_action_dim': 32,
            'max_period': 4.0,
            'max_state_dim': 32,
            'min_period': 0.004,
            'n_action_steps': 50,
            'n_obs_steps': 1,
            'normalization_mapping': {'ACTION': <NormalizationMode.MEAN_STD: 'MEAN_STD'>,
                                      'STATE': <NormalizationMode.MEAN_STD: 'MEAN_STD'>,
                                      'VISUAL': <NormalizationMode.IDENTITY: 'IDENTITY'>},
            'num_inference_steps': 10,
            'optimizer_betas': (0.9, 0.95),
            'optimizer_eps': 1e-08,
            'optimizer_grad_clip_norm': 1.0,
            'optimizer_lr': 2.5e-05,
            'optimizer_weight_decay': 0.01,
            'output_features': {'action': {'shape': (7,),
                                           'type': <FeatureType.ACTION: 'ACTION'>}},
            'paligemma_variant': 'gemma_2b',
            'pretrained_path': PosixPath('lerobot/pi0_libero_finetuned'),
            'private': None,
            'push_to_hub': True,
            'repo_id': 'pepijn223/pi0_libero_finetuned_extra2',
            'rtc_config': None,
            'scheduler_decay_lr': 2.5e-06,
            'scheduler_decay_steps': 10000,
            'scheduler_warmup_steps': 1000,
            'tags': None,
            'time_sampling_beta_alpha': 1.5,
            'time_sampling_beta_beta': 1.0,
            'time_sampling_offset': 0.001,
            'time_sampling_scale': 0.999,
            'tokenizer_max_length': 48,
            'train_expert_only': False,
            'use_amp': False,
            'use_peft': False},
 'rename_map': {},
 'seed': 7,
 'trust_remote_code': False}
INFO 2026-02-10 14:42:34 bot_eval.py:516 Output dir: outputs/eval/2026-02-10/14-42-34_libero_pi0
INFO 2026-02-10 14:42:34 bot_eval.py:518 Making environment.
[robosuite WARNING] No private macro file found! (__init__.py:7)
WARNING 2026-02-10 14:42:34 e/__init__.py:7 No private macro file found!
[robosuite WARNING] It is recommended to use a private macro file (__init__.py:8)
WARNING 2026-02-10 14:42:34 e/__init__.py:8 It is recommended to use a private macro file
[robosuite WARNING] To setup, run: python /home/ray/anaconda3/envs/vla_pi0/lib/python3.10/site-packages/robosuite/scripts/setup_macros.py (__init__.py:9)
WARNING 2026-02-10 14:42:34 e/__init__.py:9 To setup, run: python /home/ray/anaconda3/envs/vla_pi0/lib/python3.10/site-packages/robosuite/scripts/setup_macros.py
INFO 2026-02-10 14:42:34 tesupport.py:24 No OpenGL_accelerate module loaded: No module named 'OpenGL_accelerate'
INFO 2026-02-10 14:42:57 bot_eval.py:526 Making policy.
INFO 2026-02-10 14:43:40 ling_pi0.py:595 Enabled gradient checkpointing for PI0Pytorch model
WARNING 2026-02-10 14:45:11 ing_pi0.py:1121 Vision embedding key might need handling: model.paligemma_with_expert.paligemma.model.vision_tower.vision_model.embeddings.patch_embedding.bias
WARNING 2026-02-10 14:45:11 ing_pi0.py:1121 Vision embedding key might need handling: model.paligemma_with_expert.paligemma.model.vision_tower.vision_model.embeddings.patch_embedding.weight
Traceback (most recent call last):
  File "/home/ray/anaconda3/envs/vla_pi0/lib/python3.10/site-packages/huggingface_hub/utils/_http.py", line 407, in hf_raise_for_status
    response.raise_for_status()
  File "/home/ray/anaconda3/envs/vla_pi0/lib/python3.10/site-packages/requests/models.py", line 1026, in raise_for_status
    raise HTTPError(http_error_msg, response=self)
requests.exceptions.HTTPError: 403 Client Error: Forbidden for url: https://huggingface.co/google/paligemma-3b-pt-224/resolve/main/config.json

The above exception was the direct cause of the following exception:

Traceback (most recent call last):
  File "/home/ray/anaconda3/envs/vla_pi0/lib/python3.10/site-packages/transformers/utils/hub.py", line 470, in cached_files
    hf_hub_download(
  File "/home/ray/anaconda3/envs/vla_pi0/lib/python3.10/site-packages/huggingface_hub/utils/_validators.py", line 114, in _inner_fn
    return fn(*args, **kwargs)
  File "/home/ray/anaconda3/envs/vla_pi0/lib/python3.10/site-packages/huggingface_hub/file_download.py", line 1010, in hf_hub_download
    return _hf_hub_download_to_cache_dir(
  File "/home/ray/anaconda3/envs/vla_pi0/lib/python3.10/site-packages/huggingface_hub/file_download.py", line 1117, in _hf_hub_download_to_cache_dir
    _raise_on_head_call_error(head_call_error, force_download, local_files_only)
  File "/home/ray/anaconda3/envs/vla_pi0/lib/python3.10/site-packages/huggingface_hub/file_download.py", line 1658, in _raise_on_head_call_error
    raise head_call_error
  File "/home/ray/anaconda3/envs/vla_pi0/lib/python3.10/site-packages/huggingface_hub/file_download.py", line 1546, in _get_metadata_or_catch_error
    metadata = get_hf_file_metadata(
  File "/home/ray/anaconda3/envs/vla_pi0/lib/python3.10/site-packages/huggingface_hub/utils/_validators.py", line 114, in _inner_fn
    return fn(*args, **kwargs)
  File "/home/ray/anaconda3/envs/vla_pi0/lib/python3.10/site-packages/huggingface_hub/file_download.py", line 1463, in get_hf_file_metadata
    r = _request_wrapper(
  File "/home/ray/anaconda3/envs/vla_pi0/lib/python3.10/site-packages/huggingface_hub/file_download.py", line 286, in _request_wrapper
    response = _request_wrapper(
  File "/home/ray/anaconda3/envs/vla_pi0/lib/python3.10/site-packages/huggingface_hub/file_download.py", line 310, in _request_wrapper
    hf_raise_for_status(response)
  File "/home/ray/anaconda3/envs/vla_pi0/lib/python3.10/site-packages/huggingface_hub/utils/_http.py", line 424, in hf_raise_for_status
    raise _format(GatedRepoError, message, response) from e
huggingface_hub.errors.GatedRepoError: 403 Client Error. (Request ID: Root=1-698bb503-54047b1632a8814e49e51b4e;e87989c7-1d78-4ea1-8c06-1caf868f2092)

Cannot access gated repo for url https://huggingface.co/google/paligemma-3b-pt-224/resolve/main/config.json.
Access to model google/paligemma-3b-pt-224 is restricted and you are not in the authorized list. Visit https://huggingface.co/google/paligemma-3b-pt-224 to ask for access.

The above exception was the direct cause of the following exception:

Traceback (most recent call last):
  File "/mnt/local_storage/src/lerobot/src/lerobot/processor/pipeline.py", line 906, in _instantiate_step
    return step_class(**merged_cfg)
  File "<string>", line 10, in __init__
  File "/mnt/local_storage/src/lerobot/src/lerobot/processor/tokenizer_processor.py", line 111, in __post_init__
    self.input_tokenizer = AutoTokenizer.from_pretrained(self.tokenizer_name)
  File "/home/ray/anaconda3/envs/vla_pi0/lib/python3.10/site-packages/transformers/models/auto/tokenization_auto.py", line 1003, in from_pretrained
    config = AutoConfig.from_pretrained(
  File "/home/ray/anaconda3/envs/vla_pi0/lib/python3.10/site-packages/transformers/models/auto/configuration_auto.py", line 1197, in from_pretrained
    config_dict, unused_kwargs = PretrainedConfig.get_config_dict(pretrained_model_name_or_path, **kwargs)
  File "/home/ray/anaconda3/envs/vla_pi0/lib/python3.10/site-packages/transformers/configuration_utils.py", line 608, in get_config_dict
    config_dict, kwargs = cls._get_config_dict(pretrained_model_name_or_path, **kwargs)
  File "/home/ray/anaconda3/envs/vla_pi0/lib/python3.10/site-packages/transformers/configuration_utils.py", line 667, in _get_config_dict
    resolved_config_file = cached_file(
  File "/home/ray/anaconda3/envs/vla_pi0/lib/python3.10/site-packages/transformers/utils/hub.py", line 312, in cached_file
    file = cached_files(path_or_repo_id=path_or_repo_id, filenames=[filename], **kwargs)
  File "/home/ray/anaconda3/envs/vla_pi0/lib/python3.10/site-packages/transformers/utils/hub.py", line 533, in cached_files
    raise OSError(
OSError: You are trying to access a gated repo.
Make sure to have access to it at https://huggingface.co/google/paligemma-3b-pt-224.
403 Client Error. (Request ID: Root=1-698bb503-54047b1632a8814e49e51b4e;e87989c7-1d78-4ea1-8c06-1caf868f2092)

Cannot access gated repo for url https://huggingface.co/google/paligemma-3b-pt-224/resolve/main/config.json.
Access to model google/paligemma-3b-pt-224 is restricted and you are not in the authorized list. Visit https://huggingface.co/google/paligemma-3b-pt-224 to ask for access.

The above exception was the direct cause of the following exception:

Traceback (most recent call last):
  File "/home/ray/anaconda3/envs/vla_pi0/bin/lerobot-eval", line 6, in <module>
    sys.exit(main())
  File "/mnt/local_storage/src/lerobot/src/lerobot/scripts/lerobot_eval.py", line 809, in main
    eval_main()
  File "/mnt/local_storage/src/lerobot/src/lerobot/configs/parser.py", line 233, in wrapper_inner
    response = fn(cfg, *args, **kwargs)
  File "/mnt/local_storage/src/lerobot/src/lerobot/scripts/lerobot_eval.py", line 542, in eval_main
    preprocessor, postprocessor = make_pre_post_processors(
  File "/mnt/local_storage/src/lerobot/src/lerobot/policies/factory.py", line 267, in make_pre_post_processors
    PolicyProcessorPipeline.from_pretrained(
  File "/mnt/local_storage/src/lerobot/src/lerobot/processor/pipeline.py", line 573, in from_pretrained
    steps, validated_overrides = cls._build_steps_with_overrides(
  File "/mnt/local_storage/src/lerobot/src/lerobot/processor/pipeline.py", line 778, in _build_steps_with_overrides
    step_instance = cls._instantiate_step(step_entry, step_class, step_key, overrides)
  File "/mnt/local_storage/src/lerobot/src/lerobot/processor/pipeline.py", line 909, in _instantiate_step
    raise ValueError(
ValueError: Failed to instantiate processor step 'tokenizer_processor' with config: {'max_length': 48, 'task_key': 'task', 'padding_side': 'right', 'padding': 'max_length', 'truncation': True, 'tokenizer_name': 'google/paligemma-3b-pt-224'}. Error: You are trying to access a gated repo.
Make sure to have access to it at https://huggingface.co/google/paligemma-3b-pt-224.
403 Client Error. (Request ID: Root=1-698bb503-54047b1632a8814e49e51b4e;e87989c7-1d78-4ea1-8c06-1caf868f2092)

Cannot access gated repo for url https://huggingface.co/google/paligemma-3b-pt-224/resolve/main/config.json.
Access to model google/paligemma-3b-pt-224 is restricted and you are not in the authorized list. Visit https://huggingface.co/google/paligemma-3b-pt-224 to ask for access.
Exception ignored in: <function MjRenderContext.__del__ at 0x7806637d3130>
Traceback (most recent call last):
  File "/home/ray/anaconda3/envs/vla_pi0/lib/python3.10/site-packages/robosuite/utils/binding_utils.py", line 199, in __del__
  File "/home/ray/anaconda3/envs/vla_pi0/lib/python3.10/site-packages/robosuite/renderers/context/egl_context.py", line 150, in free
  File "/home/ray/anaconda3/envs/vla_pi0/lib/python3.10/site-packages/OpenGL/error.py", line 230, in glCheckError
OpenGL.raw.EGL._errors.EGLError: <exception str() failed>
Exception ignored in: <function EGLGLContext.__del__ at 0x7806637d2f80>
Traceback (most recent call last):
  File "/home/ray/anaconda3/envs/vla_pi0/lib/python3.10/site-packages/robosuite/renderers/context/egl_context.py", line 155, in __del__
  File "/home/ray/anaconda3/envs/vla_pi0/lib/python3.10/site-packages/robosuite/renderers/context/egl_context.py", line 150, in free
  File "/home/ray/anaconda3/envs/vla_pi0/lib/python3.10/site-packages/OpenGL/error.py", line 230, in glCheckError
OpenGL.raw.EGL._errors.EGLError: <exception str() failed>
Exception ignored in: <function MjRenderContext.__del__ at 0x7806637d3130>
Traceback (most recent call last):
  File "/home/ray/anaconda3/envs/vla_pi0/lib/python3.10/site-packages/robosuite/utils/binding_utils.py", line 199, in __del__
  File "/home/ray/anaconda3/envs/vla_pi0/lib/python3.10/site-packages/robosuite/renderers/context/egl_context.py", line 150, in free
  File "/home/ray/anaconda3/envs/vla_pi0/lib/python3.10/site-packages/OpenGL/error.py", line 230, in glCheckError
OpenGL.raw.EGL._errors.EGLError: <exception str() failed>
Exception ignored in: <function EGLGLContext.__del__ at 0x7806637d2f80>
Traceback (most recent call last):
  File "/home/ray/anaconda3/envs/vla_pi0/lib/python3.10/site-packages/robosuite/renderers/context/egl_context.py", line 155, in __del__
  File "/home/ray/anaconda3/envs/vla_pi0/lib/python3.10/site-packages/robosuite/renderers/context/egl_context.py", line 150, in free
  File "/home/ray/anaconda3/envs/vla_pi0/lib/python3.10/site-packages/OpenGL/error.py", line 230, in glCheckError
OpenGL.raw.EGL._errors.EGLError: <exception str() failed>
Exception ignored in: <function MjRenderContext.__del__ at 0x7806637d3130>
Traceback (most recent call last):
  File "/home/ray/anaconda3/envs/vla_pi0/lib/python3.10/site-packages/robosuite/utils/binding_utils.py", line 199, in __del__
  File "/home/ray/anaconda3/envs/vla_pi0/lib/python3.10/site-packages/robosuite/renderers/context/egl_context.py", line 150, in free
  File "/home/ray/anaconda3/envs/vla_pi0/lib/python3.10/site-packages/OpenGL/error.py", line 230, in glCheckError
OpenGL.raw.EGL._errors.EGLError: <exception str() failed>
Exception ignored in: <function EGLGLContext.__del__ at 0x7806637d2f80>
Traceback (most recent call last):
  File "/home/ray/anaconda3/envs/vla_pi0/lib/python3.10/site-packages/robosuite/renderers/context/egl_context.py", line 155, in __del__
  File "/home/ray/anaconda3/envs/vla_pi0/lib/python3.10/site-packages/robosuite/renderers/context/egl_context.py", line 150, in free
  File "/home/ray/anaconda3/envs/vla_pi0/lib/python3.10/site-packages/OpenGL/error.py", line 230, in glCheckError
OpenGL.raw.EGL._errors.EGLError: <exception str() failed>
Exception ignored in: <function MjRenderContext.__del__ at 0x7806637d3130>
Traceback (most recent call last):
  File "/home/ray/anaconda3/envs/vla_pi0/lib/python3.10/site-packages/robosuite/utils/binding_utils.py", line 199, in __del__
  File "/home/ray/anaconda3/envs/vla_pi0/lib/python3.10/site-packages/robosuite/renderers/context/egl_context.py", line 150, in free
  File "/home/ray/anaconda3/envs/vla_pi0/lib/python3.10/site-packages/OpenGL/error.py", line 230, in glCheckError
OpenGL.raw.EGL._errors.EGLError: <exception str() failed>
Exception ignored in: <function EGLGLContext.__del__ at 0x7806637d2f80>
Traceback (most recent call last):
  File "/home/ray/anaconda3/envs/vla_pi0/lib/python3.10/site-packages/robosuite/renderers/context/egl_context.py", line 155, in __del__
  File "/home/ray/anaconda3/envs/vla_pi0/lib/python3.10/site-packages/robosuite/renderers/context/egl_context.py", line 150, in free
  File "/home/ray/anaconda3/envs/vla_pi0/lib/python3.10/site-packages/OpenGL/error.py", line 230, in glCheckError
OpenGL.raw.EGL._errors.EGLError: <exception str() failed>
Exception ignored in: <function MjRenderContext.__del__ at 0x7806637d3130>
Traceback (most recent call last):
  File "/home/ray/anaconda3/envs/vla_pi0/lib/python3.10/site-packages/robosuite/utils/binding_utils.py", line 199, in __del__
  File "/home/ray/anaconda3/envs/vla_pi0/lib/python3.10/site-packages/robosuite/renderers/context/egl_context.py", line 150, in free
  File "/home/ray/anaconda3/envs/vla_pi0/lib/python3.10/site-packages/OpenGL/error.py", line 230, in glCheckError
OpenGL.raw.EGL._errors.EGLError: <exception str() failed>
Exception ignored in: <function EGLGLContext.__del__ at 0x7806637d2f80>
Traceback (most recent call last):
  File "/home/ray/anaconda3/envs/vla_pi0/lib/python3.10/site-packages/robosuite/renderers/context/egl_context.py", line 155, in __del__
  File "/home/ray/anaconda3/envs/vla_pi0/lib/python3.10/site-packages/robosuite/renderers/context/egl_context.py", line 150, in free
  File "/home/ray/anaconda3/envs/vla_pi0/lib/python3.10/site-packages/OpenGL/error.py", line 230, in glCheckError
OpenGL.raw.EGL._errors.EGLError: <exception str() failed>
Exception ignored in: <function MjRenderContext.__del__ at 0x7806637d3130>
Traceback (most recent call last):
  File "/home/ray/anaconda3/envs/vla_pi0/lib/python3.10/site-packages/robosuite/utils/binding_utils.py", line 199, in __del__
  File "/home/ray/anaconda3/envs/vla_pi0/lib/python3.10/site-packages/robosuite/renderers/context/egl_context.py", line 150, in free
  File "/home/ray/anaconda3/envs/vla_pi0/lib/python3.10/site-packages/OpenGL/error.py", line 230, in glCheckError
OpenGL.raw.EGL._errors.EGLError: <exception str() failed>
Exception ignored in: <function EGLGLContext.__del__ at 0x7806637d2f80>
Traceback (most recent call last):
  File "/home/ray/anaconda3/envs/vla_pi0/lib/python3.10/site-packages/robosuite/renderers/context/egl_context.py", line 155, in __del__
  File "/home/ray/anaconda3/envs/vla_pi0/lib/python3.10/site-packages/robosuite/renderers/context/egl_context.py", line 150, in free
  File "/home/ray/anaconda3/envs/vla_pi0/lib/python3.10/site-packages/OpenGL/error.py", line 230, in glCheckError
OpenGL.raw.EGL._errors.EGLError: <exception str() failed>
Exception ignored in: <function MjRenderContext.__del__ at 0x7806637d3130>
Traceback (most recent call last):
  File "/home/ray/anaconda3/envs/vla_pi0/lib/python3.10/site-packages/robosuite/utils/binding_utils.py", line 199, in __del__
  File "/home/ray/anaconda3/envs/vla_pi0/lib/python3.10/site-packages/robosuite/renderers/context/egl_context.py", line 150, in free
  File "/home/ray/anaconda3/envs/vla_pi0/lib/python3.10/site-packages/OpenGL/error.py", line 230, in glCheckError
OpenGL.raw.EGL._errors.EGLError: <exception str() failed>
Exception ignored in: <function EGLGLContext.__del__ at 0x7806637d2f80>
Traceback (most recent call last):
  File "/home/ray/anaconda3/envs/vla_pi0/lib/python3.10/site-packages/robosuite/renderers/context/egl_context.py", line 155, in __del__
  File "/home/ray/anaconda3/envs/vla_pi0/lib/python3.10/site-packages/robosuite/renderers/context/egl_context.py", line 150, in free
  File "/home/ray/anaconda3/envs/vla_pi0/lib/python3.10/site-packages/OpenGL/error.py", line 230, in glCheckError
OpenGL.raw.EGL._errors.EGLError: <exception str() failed>
Exception ignored in: <function MjRenderContext.__del__ at 0x7806637d3130>
Traceback (most recent call last):
  File "/home/ray/anaconda3/envs/vla_pi0/lib/python3.10/site-packages/robosuite/utils/binding_utils.py", line 199, in __del__
  File "/home/ray/anaconda3/envs/vla_pi0/lib/python3.10/site-packages/robosuite/renderers/context/egl_context.py", line 150, in free
  File "/home/ray/anaconda3/envs/vla_pi0/lib/python3.10/site-packages/OpenGL/error.py", line 230, in glCheckError
OpenGL.raw.EGL._errors.EGLError: <exception str() failed>
Exception ignored in: <function EGLGLContext.__del__ at 0x7806637d2f80>
Traceback (most recent call last):
  File "/home/ray/anaconda3/envs/vla_pi0/lib/python3.10/site-packages/robosuite/renderers/context/egl_context.py", line 155, in __del__
  File "/home/ray/anaconda3/envs/vla_pi0/lib/python3.10/site-packages/robosuite/renderers/context/egl_context.py", line 150, in free
  File "/home/ray/anaconda3/envs/vla_pi0/lib/python3.10/site-packages/OpenGL/error.py", line 230, in glCheckError
OpenGL.raw.EGL._errors.EGLError: <exception str() failed>
Exception ignored in: <function MjRenderContext.__del__ at 0x7806637d3130>
Traceback (most recent call last):
  File "/home/ray/anaconda3/envs/vla_pi0/lib/python3.10/site-packages/robosuite/utils/binding_utils.py", line 199, in __del__
  File "/home/ray/anaconda3/envs/vla_pi0/lib/python3.10/site-packages/robosuite/renderers/context/egl_context.py", line 150, in free
  File "/home/ray/anaconda3/envs/vla_pi0/lib/python3.10/site-packages/OpenGL/error.py", line 230, in glCheckError
OpenGL.raw.EGL._errors.EGLError: <exception str() failed>
Exception ignored in: <function EGLGLContext.__del__ at 0x7806637d2f80>
Traceback (most recent call last):
  File "/home/ray/anaconda3/envs/vla_pi0/lib/python3.10/site-packages/robosuite/renderers/context/egl_context.py", line 155, in __del__
  File "/home/ray/anaconda3/envs/vla_pi0/lib/python3.10/site-packages/robosuite/renderers/context/egl_context.py", line 150, in free
  File "/home/ray/anaconda3/envs/vla_pi0/lib/python3.10/site-packages/OpenGL/error.py", line 230, in glCheckError
OpenGL.raw.EGL._errors.EGLError: <exception str() failed>
Exception ignored in: <function MjRenderContext.__del__ at 0x7806637d3130>
Traceback (most recent call last):
  File "/home/ray/anaconda3/envs/vla_pi0/lib/python3.10/site-packages/robosuite/utils/binding_utils.py", line 199, in __del__
  File "/home/ray/anaconda3/envs/vla_pi0/lib/python3.10/site-packages/robosuite/renderers/context/egl_context.py", line 149, in free
  File "/home/ray/anaconda3/envs/vla_pi0/lib/python3.10/site-packages/OpenGL/error.py", line 230, in glCheckError
OpenGL.raw.EGL._errors.EGLError: <exception str() failed>
Exception ignored in: <function EGLGLContext.__del__ at 0x7806637d2f80>
Traceback (most recent call last):
  File "/home/ray/anaconda3/envs/vla_pi0/lib/python3.10/site-packages/robosuite/renderers/context/egl_context.py", line 155, in __del__
  File "/home/ray/anaconda3/envs/vla_pi0/lib/python3.10/site-packages/robosuite/renderers/context/egl_context.py", line 149, in free
  File "/home/ray/anaconda3/envs/vla_pi0/lib/python3.10/site-packages/OpenGL/error.py", line 230, in glCheckError
OpenGL.raw.EGL._errors.EGLError: <exception str() failed>
